[root@localhost Desktop]# yum install samba
Loaded plugins: refresh-packagekit, rhnplugin
This system is not registered with RHN.
RHN support will be disabled.
Setting up Install Process
Nothing to do
[root@localhost Desktop]# rpm -qa | grep samba
samba-winbind-clients-3.5.4-68.el6.i686
samba-3.5.4-68.el6.i686
samba-common-3.5.4-68.el6.i686
samba-client-3.5.4-68.el6.i686
[root@localhost Desktop]# pwd
/root/Desktop
[root@localhost Desktop]# mkdir tycssamba
[root@localhost Desktop]# cd tycssamba
[root@localhost tycssamba]# touch file1 file2 file3
[root@localhost tycssamba]# cat>tycssamba.txt
Hii!! This is TYCS
[root@localhost tycssamba]# ls
file1  file2  file3  tycssamba.txt
[root@localhost tycssamba]# vi /etc/samba/smb.conf
[root@localhost tycssamba]# service smb restart
^[[AShutting down SMB services:                            [  OK  ]
Starting SMB services:                                     [  OK  ]
[root@localhost tycssamba]# service smb restart
Shutting down SMB services:                                [  OK  ]
Starting SMB services:                                     [  OK  ]
[root@localhost tycssamba]# chkconfig smb on
[root@localhost tycssamba]# testparm
Load smb config files from /etc/samba/smb.conf
rlimit_max: rlimit_max (1024) below minimum Windows limit (16384)
params.c:Parameter() - Ignoring badly formed line in configuration file: ot@localhost tyitsamba]#
Processing section "[homes]"
Processing section "[printers]"
Processing section "[tycssamba]"
Loaded services file OK.
Server role: ROLE_STANDALONE
Press enter to see a dump of your service definitions

[global]
	workgroup = MYGROUP
	server string = Samba Server Version %v
	log file = /var/log/samba/log.%m
	max log size = 50
	cups options = raw

[homes]
	comment = Home Directories
	read only = No
	browseable = No

[printers]
	comment = All Printers
	path = /var/spool/samba
	printable = Yes
	browseable = No

[tycssamba]
	comment = tycs samba sharing Stuff
	path = /home/tycssamba
	write list = Administrator
	read only = No
	guest ok = Yes
[root@localhost tycssamba]# service iptables stop
iptables: Flushing firewall rules:                         [  OK  ]
iptables: Setting chains to policy ACCEPT: filter nat mangl[  OK  ]
iptables: Unloading modules:                               [  OK  ]
[root@localhost tycssamba]# service iptables status
iptables: Firewall is not running.
[root@localhost tycssamba]# setenforce 0
[root@localhost tycssamba]# getsebool -a
abrt_anon_write --> off
allow_console_login --> on
allow_corosync_rw_tmpfs --> off
allow_cvs_read_shadow --> off
allow_daemons_dump_core --> on
allow_daemons_use_tty --> on
allow_domain_fd_use --> on
allow_execheap --> off
allow_execmem --> on
allow_execmod --> on
allow_execstack --> on
allow_ftpd_anon_write --> off
allow_ftpd_full_access --> off
allow_ftpd_use_cifs --> off
allow_ftpd_use_nfs --> off
allow_gssd_read_tmp --> on
allow_guest_exec_content --> off
allow_httpd_anon_write --> off
allow_httpd_mod_auth_ntlm_winbind --> off
allow_httpd_mod_auth_pam --> off
allow_httpd_sys_script_anon_write --> off
allow_java_execstack --> off
allow_kerberos --> on
allow_mount_anyfile --> on
allow_mplayer_execstack --> off
allow_nfsd_anon_write --> off
allow_nsplugin_execmem --> on
allow_polyinstantiation --> off
allow_postfix_local_write_mail_spool --> on
allow_ptrace --> off
allow_rsync_anon_write --> off
allow_saslauthd_read_shadow --> off
allow_smbd_anon_write --> off
allow_ssh_keysign --> off
allow_staff_exec_content --> on
allow_sysadm_exec_content --> on
allow_unconfined_nsplugin_transition --> off
allow_unconfined_qemu_transition --> off
allow_user_exec_content --> on
allow_user_mysql_connect --> off
allow_user_postgresql_connect --> off
allow_write_xshm --> off
allow_xguest_exec_content --> off
allow_xserver_execmem --> off
allow_ypbind --> off
allow_zebra_write_config --> on
cdrecord_read_content --> off
clamd_use_jit --> off
cobbler_anon_write --> off
cobbler_can_network_connect --> off
cron_can_relabel --> off
dhcpc_exec_iptables --> off
domain_kernel_load_modules --> off
exim_can_connect_db --> off
exim_manage_user_files --> off
exim_read_user_files --> off
fcron_crond --> off
fenced_can_network_connect --> off
ftp_home_dir --> off
ftpd_connect_db --> off
git_session_bind_all_unreserved_ports --> off
git_system_enable_homedirs --> off
git_system_use_cifs --> off
git_system_use_nfs --> off
global_ssp --> off
gpg_agent_env_file --> off
gpg_web_anon_write --> off
httpd_builtin_scripting --> on
httpd_can_check_spam --> off
httpd_can_network_connect --> off
httpd_can_network_connect_cobbler --> off
httpd_can_network_connect_db --> off
httpd_can_network_relay --> off
httpd_can_sendmail --> off
httpd_dbus_avahi --> on
httpd_enable_cgi --> on
httpd_enable_ftp_server --> off
httpd_enable_homedirs --> off
httpd_execmem --> off
httpd_read_user_content --> off
httpd_setrlimit --> off
httpd_ssi_exec --> off
httpd_tmp_exec --> off
httpd_tty_comm --> on
httpd_unified --> on
httpd_use_cifs --> off
httpd_use_gpg --> off
httpd_use_nfs --> off
init_upstart --> on
irssi_use_full_network --> off
mmap_low_allowed --> off
mozilla_read_content --> off
mysql_connect_any --> off
nagios_plugin_dontaudit_bind_port --> off
named_write_master_zones --> off
ncftool_read_user_content --> off
nfs_export_all_ro --> on
nfs_export_all_rw --> on
nscd_use_shm --> on
nsplugin_can_network --> on
openvpn_enable_homedirs --> on
piranha_lvs_can_network_connect --> off
pppd_can_insmod --> off
pppd_for_user --> off
privoxy_connect_any --> on
puppet_manage_all_files --> off
qemu_full_network --> on
qemu_use_cifs --> on
qemu_use_comm --> off
qemu_use_nfs --> on
qemu_use_usb --> on
racoon_read_shadow --> off
rgmanager_can_network_connect --> off
rsync_client --> off
rsync_export_all_ro --> off
samba_create_home_dirs --> off
samba_domain_controller --> off
samba_enable_home_dirs --> off
samba_export_all_ro --> off
samba_export_all_rw --> off
samba_run_unconfined --> off
samba_share_fusefs --> off
samba_share_nfs --> off
secure_mode --> off
secure_mode_insmod --> off
secure_mode_policyload --> off
sepgsql_enable_users_ddl --> on
sepgsql_unconfined_dbadm --> on
sftpd_anon_write --> off
sftpd_enable_homedirs --> off
sftpd_full_access --> off
sftpd_write_ssh_home --> off
smartmon_3ware --> off
spamassassin_can_network --> off
spamd_enable_home_dirs --> on
squid_connect_any --> on
squid_use_tproxy --> off
ssh_sysadm_login --> off
telepathy_tcp_connect_generic_network_ports --> off
tftp_anon_write --> off
tor_bind_all_unreserved_ports --> off
unconfined_login --> on
use_lpd_server --> off
use_nfs_home_dirs --> on
use_samba_home_dirs --> off
user_direct_dri --> on
user_direct_mouse --> off
user_ping --> on
user_rw_noexattrfile --> on
user_setrlimit --> on
user_tcp_server --> off
user_ttyfile_stat --> off
varnishd_connect_any --> off
virt_use_comm --> off
virt_use_fusefs --> off
virt_use_nfs --> off
virt_use_samba --> off
virt_use_sysfs --> off
virt_use_usb --> on
webadm_manage_user_files --> off
webadm_read_user_files --> off
wine_mmap_zero_ignore --> off
xdm_sysadm_login --> off
xen_use_nfs --> off
xguest_connect_network --> on
xguest_mount_media --> on
xguest_use_bluetooth --> on
xserver_object_manager --> off
[root@localhost tycssamba]# useradd tysmbuser
useradd: user 'tysmbuser' already exists
[root@localhost tycssamba]# useradd tysmbuser
[root@localhost tycssamba]# smbpasswd -a tysmbuser
New SMB password:
Retype new SMB password:
Mismatch - password unchanged.
Unable to get new password.
[root@localhost tycssamba]# smbpasswd -a tysmbuser
New SMB password:
Retype new SMB password:
[root@localhost tycssamba]# ifconfig
eth0      Link encap:Ethernet  HWaddr FC:AA:14:DA:F8:65  
          UP BROADCAST MULTICAST  MTU:1500  Metric:1
          RX packets:0 errors:0 dropped:0 overruns:0 frame:0
          TX packets:0 errors:0 dropped:0 overruns:0 carrier:0
          collisions:0 txqueuelen:1000 
          RX bytes:0 (0.0 b)  TX bytes:0 (0.0 b)
          Interrupt:31 

lo        Link encap:Local Loopback  
          inet addr:127.0.0.1  Mask:255.0.0.0
          inet6 addr: ::1/128 Scope:Host
          UP LOOPBACK RUNNING  MTU:16436  Metric:1
          RX packets:70 errors:0 dropped:0 overruns:0 frame:0
          TX packets:70 errors:0 dropped:0 overruns:0 carrier:0
          collisions:0 txqueuelen:0 
          RX bytes:4780 (4.6 KiB)  TX bytes:4780 (4.6 KiB)

virbr0    Link encap:Ethernet  HWaddr 52:B6:07:C4:96:E3  
          inet addr:192.168.122.1  Bcast:192.168.122.255  Mask:255.255.255.0
          UP BROADCAST RUNNING MULTICAST  MTU:1500  Metric:1
          RX packets:0 errors:0 dropped:0 overruns:0 frame:0
          TX packets:1 errors:0 dropped:0 overruns:0 carrier:0
          collisions:0 txqueuelen:0 
          RX bytes:0 (0.0 b)  TX bytes:46 (46.0 b)

[root@localhost tycssamba]# smbclient //192.168.122.1/root/tycssmb -U tycssmbuser
params.c:Parameter() - Ignoring badly formed line in configuration file: ot@localhost tyitsamba]#
Enter tycssmbuser's password: 
session setup failed: NT_STATUS_LOGON_FAILURE
[root@localhost tycssamba]# smbclient //192.168.122.1/root/tycssmb -U tysmbuserparams.c:Parameter() - Ignoring badly formed line in configuration file: ot@localhost tyitsamba]#
Enter tysmbuser's password: 
Domain=[MYGROUP] OS=[Unix] Server=[Samba 3.5.4-68.el6]
tree connect failed: NT_STATUS_BAD_NETWORK_NAME
[root@localhost tycssamba]# service smb restart
Shutting down SMB services:                                [  OK  ]
Starting SMB services:                                     [  OK  ]
[root@localhost tycssamba]# chmod -R 777 /root/Desktop/tysmbuser
chmod: cannot access `/root/Desktop/tysmbuser': No such file or directory
[root@localhost tycssamba]# chmod -R 777 /root/Desktop/tysmb
chmod: cannot access `/root/Desktop/tysmb': No such file or directory
[root@localhost tycssamba]# chmod -R 777 /root/Desktop/tycssamba
[root@localhost tycssamba]# ls
file1  file2  file3  tycssamba.txt
[root@localhost tycssamba]# pwd
/root/Desktop/tycssamba

